<html>
<body>
<pre>
<h1>µVision Build Log</h1>
<h2>Project:</h2>
E:\≥‡µ¿“«\code\USARTpr\Project\RVMDK£®uv5£©\BH-F103.uvprojx
Project File Date:  04/28/2018

<h2>Output:</h2>
Rebuild target 'USART'
assembling startup_stm32f10x_hd.s...
compiling core_cm3.c...
compiling system_stm32f10x.c...
compiling misc.c...
compiling stm32f10x_adc.c...
compiling stm32f10x_bkp.c...
compiling stm32f10x_can.c...
compiling stm32f10x_cec.c...
compiling stm32f10x_crc.c...
compiling stm32f10x_dac.c...
compiling stm32f10x_dbgmcu.c...
compiling stm32f10x_dma.c...
compiling stm32f10x_exti.c...
compiling stm32f10x_flash.c...
compiling stm32f10x_fsmc.c...
compiling stm32f10x_gpio.c...
compiling stm32f10x_i2c.c...
compiling stm32f10x_iwdg.c...
compiling stm32f10x_pwr.c...
compiling stm32f10x_rcc.c...
compiling stm32f10x_rtc.c...
compiling stm32f10x_sdio.c...
compiling stm32f10x_spi.c...
compiling stm32f10x_tim.c...
compiling stm32f10x_usart.c...
compiling stm32f10x_wwdg.c...
compiling main.c...
..\..\User\main.c(31): warning:  #550-D: variable "target_ra" was set but never used
         s32 target_ra=0, target_dec=0;
..\..\User\main.c(31): warning:  #550-D: variable "target_dec" was set but never used
         s32 target_ra=0, target_dec=0;
..\..\User\main.c: 2 warnings, 0 errors
compiling stm32f10x_it.c...
compiling bsp_usart.c...
compiling bsp_SysTick.c...
compiling dma.c...
compiling led.c...
compiling command.c...
compiling bsp_TiMbase.c...
compiling bsp_TimeCover.c...
linking...
Program Size: Code=15008 RO-data=400 RW-data=56 ZI-data=1136  
FromELF: creating hex file...
"..\..\Output\USART.axf" - 0 Error(s), 2 Warning(s).
.c...
compiling bsp_TimeCover.c...
"..\..\Output\USART.axf" - 1 Error(s), 2 Warning(s).
Target not created
decode_state=0,
..\..\User\main.c: 2 warnings, 3 errors
compiling stm32f10x_it.c...
compiling bsp_usart.c...
compiling bsp_SysTick.c...
compiling dma.c...
compiling led.c...
compiling command.c...
"..\..\Output\USART.axf" - 3 Error(s), 2 Warning(s).
Target not created
