Product: MDK-ARM Professional 5.10
Component: ARM Compiler 5.04 update 1 (build 49)
Tool: armlink [5040049]

==============================================================================

Section Cross References

    startup_stm32f10x_hd.o(RESET) refers to startup_stm32f10x_hd.o(STACK) for __initial_sp
    startup_stm32f10x_hd.o(RESET) refers to startup_stm32f10x_hd.o(.text) for Reset_Handler
    startup_stm32f10x_hd.o(RESET) refers to stm32f10x_it.o(.text) for NMI_Handler
    startup_stm32f10x_hd.o(.text) refers to system_stm32f10x.o(.text) for SystemInit
    startup_stm32f10x_hd.o(.text) refers to entry.o(.ARM.Collect$$$$00000000) for __main
    system_stm32f10x.o(.text) refers to system_stm32f10x.o(.data) for SystemCoreClock
    stm32f10x_adc.o(.text) refers to stm32f10x_rcc.o(.text) for RCC_APB2PeriphResetCmd
    stm32f10x_bkp.o(.text) refers to stm32f10x_rcc.o(.text) for RCC_BackupResetCmd
    stm32f10x_can.o(.text) refers to stm32f10x_rcc.o(.text) for RCC_APB1PeriphResetCmd
    stm32f10x_cec.o(.text) refers to stm32f10x_rcc.o(.text) for RCC_APB1PeriphResetCmd
    stm32f10x_dac.o(.text) refers to stm32f10x_rcc.o(.text) for RCC_APB1PeriphResetCmd
    stm32f10x_gpio.o(.text) refers to stm32f10x_rcc.o(.text) for RCC_APB2PeriphResetCmd
    stm32f10x_i2c.o(.text) refers to stm32f10x_rcc.o(.text) for RCC_APB1PeriphResetCmd
    stm32f10x_pwr.o(.text) refers to stm32f10x_rcc.o(.text) for RCC_APB1PeriphResetCmd
    stm32f10x_rcc.o(.text) refers to stm32f10x_rcc.o(.data) for APBAHBPrescTable
    stm32f10x_spi.o(.text) refers to stm32f10x_rcc.o(.text) for RCC_APB2PeriphResetCmd
    stm32f10x_tim.o(.text) refers to stm32f10x_rcc.o(.text) for RCC_APB2PeriphResetCmd
    stm32f10x_usart.o(.text) refers to stm32f10x_rcc.o(.text) for RCC_APB2PeriphResetCmd
    stm32f10x_wwdg.o(.text) refers to stm32f10x_rcc.o(.text) for RCC_APB1PeriphResetCmd
    main.o(.text) refers to stm32f10x_rcc.o(.text) for RCC_APB2PeriphClockCmd
    main.o(.text) refers to stm32f10x_gpio.o(.text) for GPIO_PinRemapConfig
    main.o(.text) refers to led.o(.text) for LEDINIT
    main.o(.text) refers to bsp_usart.o(.text) for USART_Config
    main.o(.text) refers to bsp_systick.o(.text) for SysTick_Init
    main.o(.text) refers to dma.o(.text) for DMA_TX_init
    main.o(.text) refers to bsp_timbase.o(.text) for BASIC_TIM_Init
    main.o(.text) refers to bsp_timecover.o(.text) for Cover_TIM_Init
    main.o(.text) refers to command.o(.text) for LX200
    main.o(.text) refers to main.o(.bss) for data_receive_buffer
    main.o(.text) refers to main.o(.data) for target_pos
    stm32f10x_it.o(.text) refers to bsp_systick.o(.text) for TimingDelay_Decrement
    stm32f10x_it.o(.text) refers to stm32f10x_usart.o(.text) for USART_GetITStatus
    stm32f10x_it.o(.text) refers to stm32f10x_dma.o(.text) for DMA_Cmd
    stm32f10x_it.o(.text) refers to stm32f10x_tim.o(.text) for TIM_GetITStatus
    stm32f10x_it.o(.text) refers to stm32f10x_gpio.o(.text) for GPIO_ResetBits
    stm32f10x_it.o(.text) refers to bsp_timbase.o(.text) for SetSpeed
    stm32f10x_it.o(.text) refers to command.o(.text) for CURRENT_POS_RA
    stm32f10x_it.o(.text) refers to bsp_timecover.o(.text) for ControlCover
    stm32f10x_it.o(.text) refers to main.o(.bss) for data_receive_buffer
    stm32f10x_it.o(.text) refers to stm32f10x_it.o(.data) for uCountStep
    stm32f10x_it.o(.text) refers to main.o(.data) for ra_step
    bsp_usart.o(.text) refers to misc.o(.text) for NVIC_PriorityGroupConfig
    bsp_usart.o(.text) refers to stm32f10x_rcc.o(.text) for RCC_APB2PeriphClockCmd
    bsp_usart.o(.text) refers to stm32f10x_gpio.o(.text) for GPIO_Init
    bsp_usart.o(.text) refers to stm32f10x_usart.o(.text) for USART_Init
    bsp_systick.o(.text) refers to system_stm32f10x.o(.data) for SystemCoreClock
    bsp_systick.o(.text) refers to bsp_systick.o(.data) for TimingDelay
    dma.o(.text) refers to stm32f10x_rcc.o(.text) for RCC_AHBPeriphClockCmd
    dma.o(.text) refers to stm32f10x_dma.o(.text) for DMA_DeInit
    dma.o(.text) refers to dma.o(.bss) for DMA_InitStructure
    led.o(.text) refers to stm32f10x_rcc.o(.text) for RCC_APB2PeriphClockCmd
    led.o(.text) refers to stm32f10x_gpio.o(.text) for GPIO_Init
    led.o(.text) refers to bsp_timbase.o(.text) for ControlMotor
    led.o(.text) refers to bsp_timecover.o(.text) for ControlCover
    led.o(.text) refers to stm32f10x_it.o(.data) for uCountStep
    command.o(.text) refers to memseta.o(.text) for __aeabi_memclr
    command.o(.text) refers to dma.o(.text) for DMA_SEND_DATA
    command.o(.text) refers to command.o(.bss) for send_data
    command.o(.text) refers to dflti.o(.text) for __aeabi_i2d
    command.o(.text) refers to ddiv.o(.text) for __aeabi_ddiv
    command.o(.text) refers to dfixi.o(.text) for __aeabi_d2iz
    command.o(.text) refers to dmul.o(.text) for __aeabi_dmul
    command.o(.text) refers to dadd.o(.text) for __aeabi_dsub
    command.o(.text) refers to cdcmple.o(.text) for __aeabi_cdcmple
    command.o(.text) refers to cdrcmple.o(.text) for __aeabi_cdrcmple
    command.o(.text) refers to atof.o(i.atof) for atof
    command.o(.text) refers to dfixui.o(.text) for __aeabi_d2uiz
    command.o(.text) refers to command.o(.data) for goto_flag
    bsp_timbase.o(.text) refers to stm32f10x_rcc.o(.text) for RCC_APB2PeriphClockCmd
    bsp_timbase.o(.text) refers to stm32f10x_gpio.o(.text) for GPIO_Init
    bsp_timbase.o(.text) refers to misc.o(.text) for NVIC_PriorityGroupConfig
    bsp_timbase.o(.text) refers to stm32f10x_tim.o(.text) for TIM_TimeBaseInit
    bsp_timecover.o(.text) refers to stm32f10x_rcc.o(.text) for RCC_APB2PeriphClockCmd
    bsp_timecover.o(.text) refers to stm32f10x_gpio.o(.text) for GPIO_Init
    bsp_timecover.o(.text) refers to misc.o(.text) for NVIC_PriorityGroupConfig
    bsp_timecover.o(.text) refers to stm32f10x_tim.o(.text) for TIM_TimeBaseInit
    atof.o(i.__softfp_atof) refers (Special) to iusefp.o(.text) for __I$use$fp
    atof.o(i.__softfp_atof) refers to errno.o(i.__read_errno) for __read_errno
    atof.o(i.__softfp_atof) refers to strtod.o(.text) for __strtod_int
    atof.o(i.__softfp_atof) refers to errno.o(i.__set_errno) for __set_errno
    atof.o(i.atof) refers (Special) to iusefp.o(.text) for __I$use$fp
    atof.o(i.atof) refers to errno.o(i.__read_errno) for __read_errno
    atof.o(i.atof) refers to strtod.o(.text) for __strtod_int
    atof.o(i.atof) refers to errno.o(i.__set_errno) for __set_errno
    entry.o(.ARM.Collect$$$$00000000) refers (Special) to entry10a.o(.ARM.Collect$$$$0000000D) for __rt_final_cpp
    entry.o(.ARM.Collect$$$$00000000) refers (Special) to entry11a.o(.ARM.Collect$$$$0000000F) for __rt_final_exit
    entry.o(.ARM.Collect$$$$00000000) refers (Special) to entry7b.o(.ARM.Collect$$$$00000008) for _main_clock
    entry.o(.ARM.Collect$$$$00000000) refers (Special) to entry8b.o(.ARM.Collect$$$$0000000A) for _main_cpp_init
    entry.o(.ARM.Collect$$$$00000000) refers (Special) to entry9a.o(.ARM.Collect$$$$0000000B) for _main_init
    entry.o(.ARM.Collect$$$$00000000) refers (Special) to entry5.o(.ARM.Collect$$$$00000004) for _main_scatterload
    entry.o(.ARM.Collect$$$$00000000) refers (Special) to entry2.o(.ARM.Collect$$$$00000001) for _main_stk
    dadd.o(.text) refers (Special) to iusefp.o(.text) for __I$use$fp
    dadd.o(.text) refers to llshl.o(.text) for __aeabi_llsl
    dadd.o(.text) refers to llsshr.o(.text) for __aeabi_lasr
    dadd.o(.text) refers to depilogue.o(.text) for _double_epilogue
    dmul.o(.text) refers (Special) to iusefp.o(.text) for __I$use$fp
    dmul.o(.text) refers to depilogue.o(.text) for _double_epilogue
    ddiv.o(.text) refers (Special) to iusefp.o(.text) for __I$use$fp
    ddiv.o(.text) refers to depilogue.o(.text) for _double_round
    dflti.o(.text) refers (Special) to iusefp.o(.text) for __I$use$fp
    dflti.o(.text) refers to depilogue.o(.text) for _double_epilogue
    dfixi.o(.text) refers (Special) to iusefp.o(.text) for __I$use$fp
    dfixi.o(.text) refers to llushr.o(.text) for __aeabi_llsr
    dfixui.o(.text) refers (Special) to iusefp.o(.text) for __I$use$fp
    dfixui.o(.text) refers to llushr.o(.text) for __aeabi_llsr
    cdcmple.o(.text) refers (Special) to iusefp.o(.text) for __I$use$fp
    cdrcmple.o(.text) refers (Special) to iusefp.o(.text) for __I$use$fp
    entry2.o(.ARM.Collect$$$$00000001) refers to entry2.o(.ARM.Collect$$$$00002712) for __lit__00000000
    entry2.o(.ARM.Collect$$$$00002712) refers to startup_stm32f10x_hd.o(STACK) for __initial_sp
    entry2.o(__vectab_stack_and_reset_area) refers to startup_stm32f10x_hd.o(STACK) for __initial_sp
    entry2.o(__vectab_stack_and_reset_area) refers to entry.o(.ARM.Collect$$$$00000000) for __main
    entry5.o(.ARM.Collect$$$$00000004) refers to init.o(.text) for __scatterload
    entry9a.o(.ARM.Collect$$$$0000000B) refers to main.o(.text) for main
    entry9b.o(.ARM.Collect$$$$0000000C) refers to main.o(.text) for main
    errno.o(i.__aeabi_errno_addr) refers to errno.o(.data) for .data
    errno.o(i.__read_errno) refers to errno.o(.data) for .data
    errno.o(i.__set_errno) refers to errno.o(.data) for .data
    strtod.o(.text) refers to scanf_fp.o(.text) for _scanf_real
    strtod.o(.text) refers to _sgetc.o(.text) for _sgetc
    strtod.o(.text) refers to isspace_c.o(.text) for isspace
    depilogue.o(.text) refers to llshl.o(.text) for __aeabi_llsl
    depilogue.o(.text) refers to llushr.o(.text) for __aeabi_llsr
    init.o(.text) refers to entry5.o(.ARM.Collect$$$$00000004) for __main_after_scatterload
    isspace_c.o(.text) refers to ctype_c.o(.text) for __ctype_lookup
    scanf_fp.o(.text) refers (Special) to iusefp.o(.text) for __I$use$fp
    scanf_fp.o(.text) refers to dfltul.o(.text) for __aeabi_ul2d
    scanf_fp.o(.text) refers to dmul.o(.text) for __aeabi_dmul
    scanf_fp.o(.text) refers to ddiv.o(.text) for __aeabi_ddiv
    scanf_fp.o(.text) refers to scanf_fp.o(i._is_digit) for _is_digit
    scanf_fp.o(.text) refers to d2f.o(.text) for __aeabi_d2f
    ctype_c.o(.text) refers to ctype_c.o(.constdata) for .constdata
    dfltul.o(.text) refers to depilogue.o(.text) for _double_epilogue
    d2f.o(.text) refers to fepilogue.o(.text) for _float_round
    scanf_fp.o(i._is_digit) refers (Special) to iusefp.o(.text) for __I$use$fp


==============================================================================

Removing Unused input sections from the image.

    Removing startup_stm32f10x_hd.o(HEAP), (512 bytes).
    Removing core_cm3.o(.emb_text), (32 bytes).
    Removing stm32f10x_adc.o(.text), (1102 bytes).
    Removing stm32f10x_bkp.o(.text), (196 bytes).
    Removing stm32f10x_can.o(.text), (2544 bytes).
    Removing stm32f10x_cec.o(.text), (288 bytes).
    Removing stm32f10x_crc.o(.text), (72 bytes).
    Removing stm32f10x_dac.o(.text), (396 bytes).
    Removing stm32f10x_dbgmcu.o(.text), (48 bytes).
    Removing stm32f10x_exti.o(.text), (284 bytes).
    Removing stm32f10x_flash.o(.text), (1468 bytes).
    Removing stm32f10x_fsmc.o(.text), (1548 bytes).
    Removing stm32f10x_i2c.o(.text), (1028 bytes).
    Removing stm32f10x_iwdg.o(.text), (64 bytes).
    Removing stm32f10x_pwr.o(.text), (204 bytes).
    Removing stm32f10x_rtc.o(.text), (328 bytes).
    Removing stm32f10x_sdio.o(.text), (468 bytes).
    Removing stm32f10x_spi.o(.text), (780 bytes).
    Removing stm32f10x_wwdg.o(.text), (136 bytes).

19 unused section(s) (total 11498 bytes) removed from the image.

==============================================================================

Image Symbol Table

    Local Symbols

    Symbol Name                              Value     Ov Type        Size  Object(Section)

    ../clib/microlib/ctype/ctype.c           0x00000000   Number         0  ctype_c.o ABSOLUTE
    ../clib/microlib/ctype/ctype.c           0x00000000   Number         0  isspace_c.o ABSOLUTE
    ../clib/microlib/errno.c                 0x00000000   Number         0  errno.o ABSOLUTE
    ../clib/microlib/init/entry.s            0x00000000   Number         0  entry7a.o ABSOLUTE
    ../clib/microlib/init/entry.s            0x00000000   Number         0  entry11b.o ABSOLUTE
    ../clib/microlib/init/entry.s            0x00000000   Number         0  entry5.o ABSOLUTE
    ../clib/microlib/init/entry.s            0x00000000   Number         0  entry2.o ABSOLUTE
    ../clib/microlib/init/entry.s            0x00000000   Number         0  entry10b.o ABSOLUTE
    ../clib/microlib/init/entry.s            0x00000000   Number         0  entry.o ABSOLUTE
    ../clib/microlib/init/entry.s            0x00000000   Number         0  entry11a.o ABSOLUTE
    ../clib/microlib/init/entry.s            0x00000000   Number         0  entry7b.o ABSOLUTE
    ../clib/microlib/init/entry.s            0x00000000   Number         0  entry8a.o ABSOLUTE
    ../clib/microlib/init/entry.s            0x00000000   Number         0  entry8b.o ABSOLUTE
    ../clib/microlib/init/entry.s            0x00000000   Number         0  entry10a.o ABSOLUTE
    ../clib/microlib/init/entry.s            0x00000000   Number         0  entry9a.o ABSOLUTE
    ../clib/microlib/init/entry.s            0x00000000   Number         0  entry9b.o ABSOLUTE
    ../clib/microlib/longlong.c              0x00000000   Number         0  llshl.o ABSOLUTE
    ../clib/microlib/longlong.c              0x00000000   Number         0  llushr.o ABSOLUTE
    ../clib/microlib/longlong.c              0x00000000   Number         0  llsshr.o ABSOLUTE
    ../clib/microlib/string/memset.c         0x00000000   Number         0  memseta.o ABSOLUTE
    ../clib/microlib/stubs.s                 0x00000000   Number         0  iusefp.o ABSOLUTE
    ../clib/scanf.c                          0x00000000   Number         0  strtod.o ABSOLUTE
    ../clib/scanf.c                          0x00000000   Number         0  scanf_fp.o ABSOLUTE
    ../clib/scanf.c                          0x00000000   Number         0  _sgetc.o ABSOLUTE
    ../fplib/microlib/d2f.c                  0x00000000   Number         0  d2f.o ABSOLUTE
    ../fplib/microlib/fpadd.c                0x00000000   Number         0  dadd.o ABSOLUTE
    ../fplib/microlib/fpdiv.c                0x00000000   Number         0  ddiv.o ABSOLUTE
    ../fplib/microlib/fpepilogue.c           0x00000000   Number         0  depilogue.o ABSOLUTE
    ../fplib/microlib/fpepilogue.c           0x00000000   Number         0  fepilogue.o ABSOLUTE
    ../fplib/microlib/fpfix.c                0x00000000   Number         0  dfixui.o ABSOLUTE
    ../fplib/microlib/fpfix.c                0x00000000   Number         0  dfixi.o ABSOLUTE
    ../fplib/microlib/fpflt.c                0x00000000   Number         0  dflti.o ABSOLUTE
    ../fplib/microlib/fpflt.c                0x00000000   Number         0  dfltul.o ABSOLUTE
    ../fplib/microlib/fpmul.c                0x00000000   Number         0  dmul.o ABSOLUTE
    ../mathlib/atof.c                        0x00000000   Number         0  atof.o ABSOLUTE
    ..\..\Libraries\CMSIS\core_cm3.c         0x00000000   Number         0  core_cm3.o ABSOLUTE
    ..\..\Libraries\CMSIS\startup\startup_stm32f10x_hd.s 0x00000000   Number         0  startup_stm32f10x_hd.o ABSOLUTE
    ..\..\Libraries\CMSIS\system_stm32f10x.c 0x00000000   Number         0  system_stm32f10x.o ABSOLUTE
    ..\..\Libraries\FWlib\src\misc.c         0x00000000   Number         0  misc.o ABSOLUTE
    ..\..\Libraries\FWlib\src\stm32f10x_adc.c 0x00000000   Number         0  stm32f10x_adc.o ABSOLUTE
    ..\..\Libraries\FWlib\src\stm32f10x_bkp.c 0x00000000   Number         0  stm32f10x_bkp.o ABSOLUTE
    ..\..\Libraries\FWlib\src\stm32f10x_can.c 0x00000000   Number         0  stm32f10x_can.o ABSOLUTE
    ..\..\Libraries\FWlib\src\stm32f10x_cec.c 0x00000000   Number         0  stm32f10x_cec.o ABSOLUTE
    ..\..\Libraries\FWlib\src\stm32f10x_crc.c 0x00000000   Number         0  stm32f10x_crc.o ABSOLUTE
    ..\..\Libraries\FWlib\src\stm32f10x_dac.c 0x00000000   Number         0  stm32f10x_dac.o ABSOLUTE
    ..\..\Libraries\FWlib\src\stm32f10x_dbgmcu.c 0x00000000   Number         0  stm32f10x_dbgmcu.o ABSOLUTE
    ..\..\Libraries\FWlib\src\stm32f10x_dma.c 0x00000000   Number         0  stm32f10x_dma.o ABSOLUTE
    ..\..\Libraries\FWlib\src\stm32f10x_exti.c 0x00000000   Number         0  stm32f10x_exti.o ABSOLUTE
    ..\..\Libraries\FWlib\src\stm32f10x_flash.c 0x00000000   Number         0  stm32f10x_flash.o ABSOLUTE
    ..\..\Libraries\FWlib\src\stm32f10x_fsmc.c 0x00000000   Number         0  stm32f10x_fsmc.o ABSOLUTE
    ..\..\Libraries\FWlib\src\stm32f10x_gpio.c 0x00000000   Number         0  stm32f10x_gpio.o ABSOLUTE
    ..\..\Libraries\FWlib\src\stm32f10x_i2c.c 0x00000000   Number         0  stm32f10x_i2c.o ABSOLUTE
    ..\..\Libraries\FWlib\src\stm32f10x_iwdg.c 0x00000000   Number         0  stm32f10x_iwdg.o ABSOLUTE
    ..\..\Libraries\FWlib\src\stm32f10x_pwr.c 0x00000000   Number         0  stm32f10x_pwr.o ABSOLUTE
    ..\..\Libraries\FWlib\src\stm32f10x_rcc.c 0x00000000   Number         0  stm32f10x_rcc.o ABSOLUTE
    ..\..\Libraries\FWlib\src\stm32f10x_rtc.c 0x00000000   Number         0  stm32f10x_rtc.o ABSOLUTE
    ..\..\Libraries\FWlib\src\stm32f10x_sdio.c 0x00000000   Number         0  stm32f10x_sdio.o ABSOLUTE
    ..\..\Libraries\FWlib\src\stm32f10x_spi.c 0x00000000   Number         0  stm32f10x_spi.o ABSOLUTE
    ..\..\Libraries\FWlib\src\stm32f10x_tim.c 0x00000000   Number         0  stm32f10x_tim.o ABSOLUTE
    ..\..\Libraries\FWlib\src\stm32f10x_usart.c 0x00000000   Number         0  stm32f10x_usart.o ABSOLUTE
    ..\..\Libraries\FWlib\src\stm32f10x_wwdg.c 0x00000000   Number         0  stm32f10x_wwdg.o ABSOLUTE
    ..\..\User\COMMAND\command.c             0x00000000   Number         0  command.o ABSOLUTE
    ..\..\User\Contrlcover\bsp_TimeCover.c   0x00000000   Number         0  bsp_timecover.o ABSOLUTE
    ..\..\User\SysTick\bsp_SysTick.c         0x00000000   Number         0  bsp_systick.o ABSOLUTE
    ..\..\User\TimBase\bsp_TiMbase.c         0x00000000   Number         0  bsp_timbase.o ABSOLUTE
    ..\..\User\dma\dma.c                     0x00000000   Number         0  dma.o ABSOLUTE
    ..\..\User\led\led.c                     0x00000000   Number         0  led.o ABSOLUTE
    ..\..\User\main.c                        0x00000000   Number         0  main.o ABSOLUTE
    ..\..\User\stm32f10x_it.c                0x00000000   Number         0  stm32f10x_it.o ABSOLUTE
    ..\..\User\usart\bsp_usart.c             0x00000000   Number         0  bsp_usart.o ABSOLUTE
    ..\\..\\Libraries\\CMSIS\\core_cm3.c     0x00000000   Number         0  core_cm3.o ABSOLUTE
    cdcmple.s                                0x00000000   Number         0  cdcmple.o ABSOLUTE
    cdrcmple.s                               0x00000000   Number         0  cdrcmple.o ABSOLUTE
    dc.s                                     0x00000000   Number         0  dc.o ABSOLUTE
    handlers.s                               0x00000000   Number         0  handlers.o ABSOLUTE
    init.s                                   0x00000000   Number         0  init.o ABSOLUTE
    RESET                                    0x08000000   Section      304  startup_stm32f10x_hd.o(RESET)
    .ARM.Collect$$$$00000000                 0x08000130   Section        0  entry.o(.ARM.Collect$$$$00000000)
    .ARM.Collect$$$$00000001                 0x08000130   Section        4  entry2.o(.ARM.Collect$$$$00000001)
    .ARM.Collect$$$$00000004                 0x08000134   Section        4  entry5.o(.ARM.Collect$$$$00000004)
    .ARM.Collect$$$$00000008                 0x08000138   Section        0  entry7b.o(.ARM.Collect$$$$00000008)
    .ARM.Collect$$$$0000000A                 0x08000138   Section        0  entry8b.o(.ARM.Collect$$$$0000000A)
    .ARM.Collect$$$$0000000B                 0x08000138   Section        8  entry9a.o(.ARM.Collect$$$$0000000B)
    .ARM.Collect$$$$0000000D                 0x08000140   Section        0  entry10a.o(.ARM.Collect$$$$0000000D)
    .ARM.Collect$$$$0000000F                 0x08000140   Section        0  entry11a.o(.ARM.Collect$$$$0000000F)
    .ARM.Collect$$$$00002712                 0x08000140   Section        4  entry2.o(.ARM.Collect$$$$00002712)
    __lit__00000000                          0x08000140   Data           4  entry2.o(.ARM.Collect$$$$00002712)
    .text                                    0x08000144   Section       36  startup_stm32f10x_hd.o(.text)
    .text                                    0x08000168   Section        0  system_stm32f10x.o(.text)
    SetSysClockTo72                          0x08000169   Thumb Code   214  system_stm32f10x.o(.text)
    SetSysClock                              0x0800023f   Thumb Code     8  system_stm32f10x.o(.text)
    .text                                    0x08000348   Section        0  misc.o(.text)
    .text                                    0x08000424   Section        0  stm32f10x_dma.o(.text)
    .text                                    0x08000678   Section        0  stm32f10x_gpio.o(.text)
    .text                                    0x080009d4   Section        0  stm32f10x_rcc.o(.text)
    .text                                    0x08000d78   Section        0  stm32f10x_tim.o(.text)
    TI4_Config                               0x0800121f   Thumb Code   130  stm32f10x_tim.o(.text)
    TI3_Config                               0x080012b3   Thumb Code   122  stm32f10x_tim.o(.text)
    TI2_Config                               0x08001347   Thumb Code   130  stm32f10x_tim.o(.text)
    TI1_Config                               0x080013db   Thumb Code   108  stm32f10x_tim.o(.text)
    .text                                    0x08001b94   Section        0  stm32f10x_usart.o(.text)
    .text                                    0x08001f9c   Section        0  main.o(.text)
    .text                                    0x080020b0   Section        0  stm32f10x_it.o(.text)
    .text                                    0x08002264   Section        0  bsp_usart.o(.text)
    NVIC_Configuration                       0x08002265   Thumb Code    38  bsp_usart.o(.text)
    .text                                    0x0800241c   Section        0  bsp_systick.o(.text)
    SysTick_Config                           0x0800241d   Thumb Code    76  bsp_systick.o(.text)
    .text                                    0x08002554   Section        0  dma.o(.text)
    .text                                    0x0800263c   Section        0  led.o(.text)
    .text                                    0x08002720   Section        0  command.o(.text)
    .text                                    0x08002ea8   Section        0  bsp_timbase.o(.text)
    ADVANCE_TIM_GPIO_Config                  0x08002ea9   Thumb Code    40  bsp_timbase.o(.text)
    CONTROL_DRV8825_GPIO_Config              0x08002ed1   Thumb Code   192  bsp_timbase.o(.text)
    BASIC_TIM_NVIC_Config                    0x08002f91   Thumb Code    42  bsp_timbase.o(.text)
    BASIC_TIM_Mode_Config                    0x08002fbb   Thumb Code   158  bsp_timbase.o(.text)
    .text                                    0x080030e0   Section        0  bsp_timecover.o(.text)
    CONTROL2_DRV8825_GPIO_Config             0x080030e1   Thumb Code   162  bsp_timecover.o(.text)
    ADVANCE_TIM_GPIO_Config                  0x08003183   Thumb Code    38  bsp_timecover.o(.text)
    COVER_TIM_NVIC_Config                    0x080031a9   Thumb Code    42  bsp_timecover.o(.text)
    COVER_TIM_Mode_Config                    0x080031d3   Thumb Code   156  bsp_timecover.o(.text)
    .text                                    0x08003310   Section        0  memseta.o(.text)
    .text                                    0x08003334   Section        0  dadd.o(.text)
    .text                                    0x08003482   Section        0  dmul.o(.text)
    .text                                    0x08003566   Section        0  ddiv.o(.text)
    .text                                    0x08003644   Section        0  dflti.o(.text)
    .text                                    0x08003666   Section        0  dfixi.o(.text)
    .text                                    0x080036a4   Section        0  dfixui.o(.text)
    .text                                    0x080036d8   Section       40  cdcmple.o(.text)
    .text                                    0x08003700   Section       40  cdrcmple.o(.text)
    .text                                    0x08003728   Section        0  llshl.o(.text)
    .text                                    0x08003746   Section        0  llushr.o(.text)
    .text                                    0x08003766   Section        0  llsshr.o(.text)
    .text                                    0x0800378c   Section        0  strtod.o(.text)
    _local_sscanf                            0x0800378d   Thumb Code    54  strtod.o(.text)
    .text                                    0x08003828   Section        0  iusefp.o(.text)
    .text                                    0x08003828   Section        0  depilogue.o(.text)
    .text                                    0x080038e0   Section       36  init.o(.text)
    .text                                    0x08003904   Section        0  isspace_c.o(.text)
    .text                                    0x08003910   Section        0  scanf_fp.o(.text)
    _fp_value                                0x08003911   Thumb Code   256  scanf_fp.o(.text)
    .text                                    0x08003c48   Section        0  _sgetc.o(.text)
    .text                                    0x08003c88   Section        0  ctype_c.o(.text)
    .text                                    0x08003cb0   Section        0  dfltul.o(.text)
    .text                                    0x08003cc8   Section        0  d2f.o(.text)
    .text                                    0x08003d00   Section        0  fepilogue.o(.text)
    i.__read_errno                           0x08003d70   Section        0  errno.o(i.__read_errno)
    i.__scatterload_copy                     0x08003d7c   Section       14  handlers.o(i.__scatterload_copy)
    i.__scatterload_null                     0x08003d8a   Section        2  handlers.o(i.__scatterload_null)
    i.__scatterload_zeroinit                 0x08003d8c   Section       14  handlers.o(i.__scatterload_zeroinit)
    i.__set_errno                            0x08003d9c   Section        0  errno.o(i.__set_errno)
    i._is_digit                              0x08003da8   Section        0  scanf_fp.o(i._is_digit)
    i.atof                                   0x08003db6   Section        0  atof.o(i.atof)
    .constdata                               0x08003de0   Section       64  ctype_c.o(.constdata)
    .data                                    0x20000000   Section       20  system_stm32f10x.o(.data)
    .data                                    0x20000014   Section       20  stm32f10x_rcc.o(.data)
    APBAHBPrescTable                         0x20000014   Data          16  stm32f10x_rcc.o(.data)
    ADCPrescTable                            0x20000024   Data           4  stm32f10x_rcc.o(.data)
    .data                                    0x20000028   Section       32  main.o(.data)
    .data                                    0x20000048   Section        3  stm32f10x_it.o(.data)
    .data                                    0x2000004c   Section        4  bsp_systick.o(.data)
    TimingDelay                              0x2000004c   Data           4  bsp_systick.o(.data)
    .data                                    0x20000050   Section        1  command.o(.data)
    goto_flag                                0x20000050   Data           1  command.o(.data)
    .data                                    0x20000054   Section        4  errno.o(.data)
    _errno                                   0x20000054   Data           4  errno.o(.data)
    .bss                                     0x20000058   Section       50  main.o(.bss)
    .bss                                     0x2000008c   Section       44  dma.o(.bss)
    .bss                                     0x200000b8   Section       10  command.o(.bss)
    send_data                                0x200000b8   Data          10  command.o(.bss)
    STACK                                    0x200000c8   Section     1024  startup_stm32f10x_hd.o(STACK)

    Global Symbols

    Symbol Name                              Value     Ov Type        Size  Object(Section)

    BuildAttributes$$THM_ISAv4$P$D$K$B$S$PE$A:L22UL41UL21$X:L11$S22US41US21$IEEE1$IW$USESV6$~STKCKD$USESV7$~SHL$OTIME$ROPI$IEEEJ$EBA8$MICROLIB$REQ8$PRES8$EABIv2 0x00000000   Number         0  anon$$obj.o ABSOLUTE
    __ARM_use_no_argv                        0x00000000   Number         0  main.o ABSOLUTE
    __cpp_initialize__aeabi_                  - Undefined Weak Reference
    __cxa_finalize                            - Undefined Weak Reference
    __decompress                              - Undefined Weak Reference
    _clock_init                               - Undefined Weak Reference
    _microlib_exit                            - Undefined Weak Reference
    __Vectors_Size                           0x00000130   Number         0  startup_stm32f10x_hd.o ABSOLUTE
    __Vectors                                0x08000000   Data           4  startup_stm32f10x_hd.o(RESET)
    __Vectors_End                            0x08000130   Data           0  startup_stm32f10x_hd.o(RESET)
    __main                                   0x08000131   Thumb Code     0  entry.o(.ARM.Collect$$$$00000000)
    _main_stk                                0x08000131   Thumb Code     0  entry2.o(.ARM.Collect$$$$00000001)
    _main_scatterload                        0x08000135   Thumb Code     0  entry5.o(.ARM.Collect$$$$00000004)
    __main_after_scatterload                 0x08000139   Thumb Code     0  entry5.o(.ARM.Collect$$$$00000004)
    _main_clock                              0x08000139   Thumb Code     0  entry7b.o(.ARM.Collect$$$$00000008)
    _main_cpp_init                           0x08000139   Thumb Code     0  entry8b.o(.ARM.Collect$$$$0000000A)
    _main_init                               0x08000139   Thumb Code     0  entry9a.o(.ARM.Collect$$$$0000000B)
    __rt_final_cpp                           0x08000141   Thumb Code     0  entry10a.o(.ARM.Collect$$$$0000000D)
    __rt_final_exit                          0x08000141   Thumb Code     0  entry11a.o(.ARM.Collect$$$$0000000F)
    Reset_Handler                            0x08000145   Thumb Code     8  startup_stm32f10x_hd.o(.text)
    ADC1_2_IRQHandler                        0x0800015f   Thumb Code     0  startup_stm32f10x_hd.o(.text)
    ADC3_IRQHandler                          0x0800015f   Thumb Code     0  startup_stm32f10x_hd.o(.text)
    CAN1_RX1_IRQHandler                      0x0800015f   Thumb Code     0  startup_stm32f10x_hd.o(.text)
    CAN1_SCE_IRQHandler                      0x0800015f   Thumb Code     0  startup_stm32f10x_hd.o(.text)
    DMA1_Channel1_IRQHandler                 0x0800015f   Thumb Code     0  startup_stm32f10x_hd.o(.text)
    DMA1_Channel2_IRQHandler                 0x0800015f   Thumb Code     0  startup_stm32f10x_hd.o(.text)
    DMA1_Channel3_IRQHandler                 0x0800015f   Thumb Code     0  startup_stm32f10x_hd.o(.text)
    DMA1_Channel4_IRQHandler                 0x0800015f   Thumb Code     0  startup_stm32f10x_hd.o(.text)
    DMA1_Channel5_IRQHandler                 0x0800015f   Thumb Code     0  startup_stm32f10x_hd.o(.text)
    DMA1_Channel6_IRQHandler                 0x0800015f   Thumb Code     0  startup_stm32f10x_hd.o(.text)
    DMA1_Channel7_IRQHandler                 0x0800015f   Thumb Code     0  startup_stm32f10x_hd.o(.text)
    DMA2_Channel1_IRQHandler                 0x0800015f   Thumb Code     0  startup_stm32f10x_hd.o(.text)
    DMA2_Channel2_IRQHandler                 0x0800015f   Thumb Code     0  startup_stm32f10x_hd.o(.text)
    DMA2_Channel3_IRQHandler                 0x0800015f   Thumb Code     0  startup_stm32f10x_hd.o(.text)
    DMA2_Channel4_5_IRQHandler               0x0800015f   Thumb Code     0  startup_stm32f10x_hd.o(.text)
    EXTI0_IRQHandler                         0x0800015f   Thumb Code     0  startup_stm32f10x_hd.o(.text)
    EXTI15_10_IRQHandler                     0x0800015f   Thumb Code     0  startup_stm32f10x_hd.o(.text)
    EXTI1_IRQHandler                         0x0800015f   Thumb Code     0  startup_stm32f10x_hd.o(.text)
    EXTI2_IRQHandler                         0x0800015f   Thumb Code     0  startup_stm32f10x_hd.o(.text)
    EXTI3_IRQHandler                         0x0800015f   Thumb Code     0  startup_stm32f10x_hd.o(.text)
    EXTI4_IRQHandler                         0x0800015f   Thumb Code     0  startup_stm32f10x_hd.o(.text)
    EXTI9_5_IRQHandler                       0x0800015f   Thumb Code     0  startup_stm32f10x_hd.o(.text)
    FLASH_IRQHandler                         0x0800015f   Thumb Code     0  startup_stm32f10x_hd.o(.text)
    FSMC_IRQHandler                          0x0800015f   Thumb Code     0  startup_stm32f10x_hd.o(.text)
    I2C1_ER_IRQHandler                       0x0800015f   Thumb Code     0  startup_stm32f10x_hd.o(.text)
    I2C1_EV_IRQHandler                       0x0800015f   Thumb Code     0  startup_stm32f10x_hd.o(.text)
    I2C2_ER_IRQHandler                       0x0800015f   Thumb Code     0  startup_stm32f10x_hd.o(.text)
    I2C2_EV_IRQHandler                       0x0800015f   Thumb Code     0  startup_stm32f10x_hd.o(.text)
    PVD_IRQHandler                           0x0800015f   Thumb Code     0  startup_stm32f10x_hd.o(.text)
    RCC_IRQHandler                           0x0800015f   Thumb Code     0  startup_stm32f10x_hd.o(.text)
    RTCAlarm_IRQHandler                      0x0800015f   Thumb Code     0  startup_stm32f10x_hd.o(.text)
    RTC_IRQHandler                           0x0800015f   Thumb Code     0  startup_stm32f10x_hd.o(.text)
    SDIO_IRQHandler                          0x0800015f   Thumb Code     0  startup_stm32f10x_hd.o(.text)
    SPI1_IRQHandler                          0x0800015f   Thumb Code     0  startup_stm32f10x_hd.o(.text)
    SPI2_IRQHandler                          0x0800015f   Thumb Code     0  startup_stm32f10x_hd.o(.text)
    SPI3_IRQHandler                          0x0800015f   Thumb Code     0  startup_stm32f10x_hd.o(.text)
    TAMPER_IRQHandler                        0x0800015f   Thumb Code     0  startup_stm32f10x_hd.o(.text)
    TIM1_BRK_IRQHandler                      0x0800015f   Thumb Code     0  startup_stm32f10x_hd.o(.text)
    TIM1_CC_IRQHandler                       0x0800015f   Thumb Code     0  startup_stm32f10x_hd.o(.text)
    TIM1_TRG_COM_IRQHandler                  0x0800015f   Thumb Code     0  startup_stm32f10x_hd.o(.text)
    TIM3_IRQHandler                          0x0800015f   Thumb Code     0  startup_stm32f10x_hd.o(.text)
    TIM4_IRQHandler                          0x0800015f   Thumb Code     0  startup_stm32f10x_hd.o(.text)
    TIM5_IRQHandler                          0x0800015f   Thumb Code     0  startup_stm32f10x_hd.o(.text)
    TIM6_IRQHandler                          0x0800015f   Thumb Code     0  startup_stm32f10x_hd.o(.text)
    TIM7_IRQHandler                          0x0800015f   Thumb Code     0  startup_stm32f10x_hd.o(.text)
    TIM8_BRK_IRQHandler                      0x0800015f   Thumb Code     0  startup_stm32f10x_hd.o(.text)
    TIM8_CC_IRQHandler                       0x0800015f   Thumb Code     0  startup_stm32f10x_hd.o(.text)
    TIM8_TRG_COM_IRQHandler                  0x0800015f   Thumb Code     0  startup_stm32f10x_hd.o(.text)
    TIM8_UP_IRQHandler                       0x0800015f   Thumb Code     0  startup_stm32f10x_hd.o(.text)
    UART4_IRQHandler                         0x0800015f   Thumb Code     0  startup_stm32f10x_hd.o(.text)
    UART5_IRQHandler                         0x0800015f   Thumb Code     0  startup_stm32f10x_hd.o(.text)
    USART2_IRQHandler                        0x0800015f   Thumb Code     0  startup_stm32f10x_hd.o(.text)
    USART3_IRQHandler                        0x0800015f   Thumb Code     0  startup_stm32f10x_hd.o(.text)
    USBWakeUp_IRQHandler                     0x0800015f   Thumb Code     0  startup_stm32f10x_hd.o(.text)
    USB_HP_CAN1_TX_IRQHandler                0x0800015f   Thumb Code     0  startup_stm32f10x_hd.o(.text)
    USB_LP_CAN1_RX0_IRQHandler               0x0800015f   Thumb Code     0  startup_stm32f10x_hd.o(.text)
    WWDG_IRQHandler                          0x0800015f   Thumb Code     0  startup_stm32f10x_hd.o(.text)
    SystemInit                               0x08000247   Thumb Code    78  system_stm32f10x.o(.text)
    SystemCoreClockUpdate                    0x08000295   Thumb Code   142  system_stm32f10x.o(.text)
    NVIC_PriorityGroupConfig                 0x08000349   Thumb Code    10  misc.o(.text)
    NVIC_Init                                0x08000353   Thumb Code   100  misc.o(.text)
    NVIC_SetVectorTable                      0x080003b7   Thumb Code    14  misc.o(.text)
    NVIC_SystemLPConfig                      0x080003c5   Thumb Code    34  misc.o(.text)
    SysTick_CLKSourceConfig                  0x080003e7   Thumb Code    40  misc.o(.text)
    DMA_DeInit                               0x08000425   Thumb Code   324  stm32f10x_dma.o(.text)
    DMA_Init                                 0x08000569   Thumb Code    60  stm32f10x_dma.o(.text)
    DMA_StructInit                           0x080005a5   Thumb Code    26  stm32f10x_dma.o(.text)
    DMA_Cmd                                  0x080005bf   Thumb Code    24  stm32f10x_dma.o(.text)
    DMA_ITConfig                             0x080005d7   Thumb Code    18  stm32f10x_dma.o(.text)
    DMA_SetCurrDataCounter                   0x080005e9   Thumb Code     4  stm32f10x_dma.o(.text)
    DMA_GetCurrDataCounter                   0x080005ed   Thumb Code     8  stm32f10x_dma.o(.text)
    DMA_GetFlagStatus                        0x080005f5   Thumb Code    40  stm32f10x_dma.o(.text)
    DMA_ClearFlag                            0x0800061d   Thumb Code    22  stm32f10x_dma.o(.text)
    DMA_GetITStatus                          0x08000633   Thumb Code    40  stm32f10x_dma.o(.text)
    DMA_ClearITPendingBit                    0x0800065b   Thumb Code    22  stm32f10x_dma.o(.text)
    GPIO_DeInit                              0x08000679   Thumb Code   172  stm32f10x_gpio.o(.text)
    GPIO_AFIODeInit                          0x08000725   Thumb Code    20  stm32f10x_gpio.o(.text)
    GPIO_Init                                0x08000739   Thumb Code   278  stm32f10x_gpio.o(.text)
    GPIO_StructInit                          0x0800084f   Thumb Code    16  stm32f10x_gpio.o(.text)
    GPIO_ReadInputDataBit                    0x0800085f   Thumb Code    18  stm32f10x_gpio.o(.text)
    GPIO_ReadInputData                       0x08000871   Thumb Code     8  stm32f10x_gpio.o(.text)
    GPIO_ReadOutputDataBit                   0x08000879   Thumb Code    18  stm32f10x_gpio.o(.text)
    GPIO_ReadOutputData                      0x0800088b   Thumb Code     8  stm32f10x_gpio.o(.text)
    GPIO_SetBits                             0x08000893   Thumb Code     4  stm32f10x_gpio.o(.text)
    GPIO_ResetBits                           0x08000897   Thumb Code     4  stm32f10x_gpio.o(.text)
    GPIO_WriteBit                            0x0800089b   Thumb Code    10  stm32f10x_gpio.o(.text)
    GPIO_Write                               0x080008a5   Thumb Code     4  stm32f10x_gpio.o(.text)
    GPIO_PinLockConfig                       0x080008a9   Thumb Code    18  stm32f10x_gpio.o(.text)
    GPIO_EventOutputConfig                   0x080008bb   Thumb Code    26  stm32f10x_gpio.o(.text)
    GPIO_EventOutputCmd                      0x080008d5   Thumb Code     6  stm32f10x_gpio.o(.text)
    GPIO_PinRemapConfig                      0x080008db   Thumb Code   138  stm32f10x_gpio.o(.text)
    GPIO_EXTILineConfig                      0x08000965   Thumb Code    66  stm32f10x_gpio.o(.text)
    GPIO_ETH_MediaInterfaceConfig            0x080009a7   Thumb Code     8  stm32f10x_gpio.o(.text)
    RCC_DeInit                               0x080009d5   Thumb Code    64  stm32f10x_rcc.o(.text)
    RCC_HSEConfig                            0x08000a15   Thumb Code    70  stm32f10x_rcc.o(.text)
    RCC_GetFlagStatus                        0x08000a5b   Thumb Code    56  stm32f10x_rcc.o(.text)
    RCC_WaitForHSEStartUp                    0x08000a93   Thumb Code    56  stm32f10x_rcc.o(.text)
    RCC_AdjustHSICalibrationValue            0x08000acb   Thumb Code    20  stm32f10x_rcc.o(.text)
    RCC_HSICmd                               0x08000adf   Thumb Code     6  stm32f10x_rcc.o(.text)
    RCC_PLLConfig                            0x08000ae5   Thumb Code    24  stm32f10x_rcc.o(.text)
    RCC_PLLCmd                               0x08000afd   Thumb Code     6  stm32f10x_rcc.o(.text)
    RCC_SYSCLKConfig                         0x08000b03   Thumb Code    18  stm32f10x_rcc.o(.text)
    RCC_GetSYSCLKSource                      0x08000b15   Thumb Code    10  stm32f10x_rcc.o(.text)
    RCC_HCLKConfig                           0x08000b1f   Thumb Code    18  stm32f10x_rcc.o(.text)
    RCC_PCLK1Config                          0x08000b31   Thumb Code    18  stm32f10x_rcc.o(.text)
    RCC_PCLK2Config                          0x08000b43   Thumb Code    20  stm32f10x_rcc.o(.text)
    RCC_ITConfig                             0x08000b57   Thumb Code    26  stm32f10x_rcc.o(.text)
    RCC_USBCLKConfig                         0x08000b71   Thumb Code     8  stm32f10x_rcc.o(.text)
    RCC_ADCCLKConfig                         0x08000b79   Thumb Code    18  stm32f10x_rcc.o(.text)
    RCC_LSEConfig                            0x08000b8b   Thumb Code    50  stm32f10x_rcc.o(.text)
    RCC_LSICmd                               0x08000bbd   Thumb Code     6  stm32f10x_rcc.o(.text)
    RCC_RTCCLKConfig                         0x08000bc3   Thumb Code    12  stm32f10x_rcc.o(.text)
    RCC_RTCCLKCmd                            0x08000bcf   Thumb Code     8  stm32f10x_rcc.o(.text)
    RCC_GetClocksFreq                        0x08000bd7   Thumb Code   192  stm32f10x_rcc.o(.text)
    RCC_AHBPeriphClockCmd                    0x08000c97   Thumb Code    26  stm32f10x_rcc.o(.text)
    RCC_APB2PeriphClockCmd                   0x08000cb1   Thumb Code    26  stm32f10x_rcc.o(.text)
    RCC_APB1PeriphClockCmd                   0x08000ccb   Thumb Code    26  stm32f10x_rcc.o(.text)
    RCC_APB2PeriphResetCmd                   0x08000ce5   Thumb Code    26  stm32f10x_rcc.o(.text)
    RCC_APB1PeriphResetCmd                   0x08000cff   Thumb Code    26  stm32f10x_rcc.o(.text)
    RCC_BackupResetCmd                       0x08000d19   Thumb Code     8  stm32f10x_rcc.o(.text)
    RCC_ClockSecuritySystemCmd               0x08000d21   Thumb Code     6  stm32f10x_rcc.o(.text)
    RCC_MCOConfig                            0x08000d27   Thumb Code     6  stm32f10x_rcc.o(.text)
    RCC_ClearFlag                            0x08000d2d   Thumb Code    14  stm32f10x_rcc.o(.text)
    RCC_GetITStatus                          0x08000d3b   Thumb Code    20  stm32f10x_rcc.o(.text)
    RCC_ClearITPendingBit                    0x08000d4f   Thumb Code     6  stm32f10x_rcc.o(.text)
    TIM_DeInit                               0x08000d79   Thumb Code   424  stm32f10x_tim.o(.text)
    TIM_TimeBaseInit                         0x08000f21   Thumb Code   122  stm32f10x_tim.o(.text)
    TIM_OC1Init                              0x08000f9b   Thumb Code   132  stm32f10x_tim.o(.text)
    TIM_OC2Init                              0x0800101f   Thumb Code   154  stm32f10x_tim.o(.text)
    TIM_OC3Init                              0x080010b9   Thumb Code   150  stm32f10x_tim.o(.text)
    TIM_OC4Init                              0x0800114f   Thumb Code   182  stm32f10x_tim.o(.text)
    TIM_SetIC4Prescaler                      0x08001205   Thumb Code    26  stm32f10x_tim.o(.text)
    TIM_SetIC3Prescaler                      0x080012a1   Thumb Code    18  stm32f10x_tim.o(.text)
    TIM_SetIC2Prescaler                      0x0800132d   Thumb Code    26  stm32f10x_tim.o(.text)
    TIM_SetIC1Prescaler                      0x080013c9   Thumb Code    18  stm32f10x_tim.o(.text)
    TIM_ICInit                               0x08001447   Thumb Code   150  stm32f10x_tim.o(.text)
    TIM_PWMIConfig                           0x080014dd   Thumb Code   124  stm32f10x_tim.o(.text)
    TIM_BDTRConfig                           0x08001559   Thumb Code    32  stm32f10x_tim.o(.text)
    TIM_TimeBaseStructInit                   0x08001579   Thumb Code    18  stm32f10x_tim.o(.text)
    TIM_OCStructInit                         0x0800158b   Thumb Code    20  stm32f10x_tim.o(.text)
    TIM_ICStructInit                         0x0800159f   Thumb Code    18  stm32f10x_tim.o(.text)
    TIM_BDTRStructInit                       0x080015b1   Thumb Code    40  stm32f10x_tim.o(.text)
    TIM_Cmd                                  0x080015d9   Thumb Code    24  stm32f10x_tim.o(.text)
    TIM_CtrlPWMOutputs                       0x080015f1   Thumb Code    30  stm32f10x_tim.o(.text)
    TIM_ITConfig                             0x0800160f   Thumb Code    18  stm32f10x_tim.o(.text)
    TIM_GenerateEvent                        0x08001621   Thumb Code     4  stm32f10x_tim.o(.text)
    TIM_DMAConfig                            0x08001625   Thumb Code    10  stm32f10x_tim.o(.text)
    TIM_DMACmd                               0x0800162f   Thumb Code    18  stm32f10x_tim.o(.text)
    TIM_InternalClockConfig                  0x08001641   Thumb Code    12  stm32f10x_tim.o(.text)
    TIM_SelectInputTrigger                   0x0800164d   Thumb Code    18  stm32f10x_tim.o(.text)
    TIM_ITRxExternalClockConfig              0x0800165f   Thumb Code    24  stm32f10x_tim.o(.text)
    TIM_TIxExternalClockConfig               0x08001677   Thumb Code    62  stm32f10x_tim.o(.text)
    TIM_ETRConfig                            0x080016b5   Thumb Code    28  stm32f10x_tim.o(.text)
    TIM_ETRClockMode1Config                  0x080016d1   Thumb Code    54  stm32f10x_tim.o(.text)
    TIM_ETRClockMode2Config                  0x08001707   Thumb Code    32  stm32f10x_tim.o(.text)
    TIM_PrescalerConfig                      0x08001727   Thumb Code     6  stm32f10x_tim.o(.text)
    TIM_CounterModeConfig                    0x0800172d   Thumb Code    18  stm32f10x_tim.o(.text)
    TIM_EncoderInterfaceConfig               0x0800173f   Thumb Code    66  stm32f10x_tim.o(.text)
    TIM_ForcedOC1Config                      0x08001781   Thumb Code    18  stm32f10x_tim.o(.text)
    TIM_ForcedOC2Config                      0x08001793   Thumb Code    26  stm32f10x_tim.o(.text)
    TIM_ForcedOC3Config                      0x080017ad   Thumb Code    18  stm32f10x_tim.o(.text)
    TIM_ForcedOC4Config                      0x080017bf   Thumb Code    26  stm32f10x_tim.o(.text)
    TIM_ARRPreloadConfig                     0x080017d9   Thumb Code    24  stm32f10x_tim.o(.text)
    TIM_SelectCOM                            0x080017f1   Thumb Code    24  stm32f10x_tim.o(.text)
    TIM_SelectCCDMA                          0x08001809   Thumb Code    24  stm32f10x_tim.o(.text)
    TIM_CCPreloadControl                     0x08001821   Thumb Code    24  stm32f10x_tim.o(.text)
    TIM_OC1PreloadConfig                     0x08001839   Thumb Code    18  stm32f10x_tim.o(.text)
    TIM_OC2PreloadConfig                     0x0800184b   Thumb Code    26  stm32f10x_tim.o(.text)
    TIM_OC3PreloadConfig                     0x08001865   Thumb Code    18  stm32f10x_tim.o(.text)
    TIM_OC4PreloadConfig                     0x08001877   Thumb Code    26  stm32f10x_tim.o(.text)
    TIM_OC1FastConfig                        0x08001891   Thumb Code    18  stm32f10x_tim.o(.text)
    TIM_OC2FastConfig                        0x080018a3   Thumb Code    26  stm32f10x_tim.o(.text)
    TIM_OC3FastConfig                        0x080018bd   Thumb Code    18  stm32f10x_tim.o(.text)
    TIM_OC4FastConfig                        0x080018cf   Thumb Code    26  stm32f10x_tim.o(.text)
    TIM_ClearOC1Ref                          0x080018e9   Thumb Code    18  stm32f10x_tim.o(.text)
    TIM_ClearOC2Ref                          0x080018fb   Thumb Code    24  stm32f10x_tim.o(.text)
    TIM_ClearOC3Ref                          0x08001913   Thumb Code    18  stm32f10x_tim.o(.text)
    TIM_ClearOC4Ref                          0x08001925   Thumb Code    24  stm32f10x_tim.o(.text)
    TIM_OC1PolarityConfig                    0x0800193d   Thumb Code    18  stm32f10x_tim.o(.text)
    TIM_OC1NPolarityConfig                   0x0800194f   Thumb Code    18  stm32f10x_tim.o(.text)
    TIM_OC2PolarityConfig                    0x08001961   Thumb Code    26  stm32f10x_tim.o(.text)
    TIM_OC2NPolarityConfig                   0x0800197b   Thumb Code    26  stm32f10x_tim.o(.text)
    TIM_OC3PolarityConfig                    0x08001995   Thumb Code    26  stm32f10x_tim.o(.text)
    TIM_OC3NPolarityConfig                   0x080019af   Thumb Code    26  stm32f10x_tim.o(.text)
    TIM_OC4PolarityConfig                    0x080019c9   Thumb Code    26  stm32f10x_tim.o(.text)
    TIM_CCxCmd                               0x080019e3   Thumb Code    30  stm32f10x_tim.o(.text)
    TIM_CCxNCmd                              0x08001a01   Thumb Code    30  stm32f10x_tim.o(.text)
    TIM_SelectOCxM                           0x08001a1f   Thumb Code    82  stm32f10x_tim.o(.text)
    TIM_UpdateDisableConfig                  0x08001a71   Thumb Code    24  stm32f10x_tim.o(.text)
    TIM_UpdateRequestConfig                  0x08001a89   Thumb Code    24  stm32f10x_tim.o(.text)
    TIM_SelectHallSensor                     0x08001aa1   Thumb Code    24  stm32f10x_tim.o(.text)
    TIM_SelectOnePulseMode                   0x08001ab9   Thumb Code    18  stm32f10x_tim.o(.text)
    TIM_SelectOutputTrigger                  0x08001acb   Thumb Code    18  stm32f10x_tim.o(.text)
    TIM_SelectSlaveMode                      0x08001add   Thumb Code    18  stm32f10x_tim.o(.text)
    TIM_SelectMasterSlaveMode                0x08001aef   Thumb Code    18  stm32f10x_tim.o(.text)
    TIM_SetCounter                           0x08001b01   Thumb Code     4  stm32f10x_tim.o(.text)
    TIM_SetAutoreload                        0x08001b05   Thumb Code     4  stm32f10x_tim.o(.text)
    TIM_SetCompare1                          0x08001b09   Thumb Code     4  stm32f10x_tim.o(.text)
    TIM_SetCompare2                          0x08001b0d   Thumb Code     4  stm32f10x_tim.o(.text)
    TIM_SetCompare3                          0x08001b11   Thumb Code     4  stm32f10x_tim.o(.text)
    TIM_SetCompare4                          0x08001b15   Thumb Code     6  stm32f10x_tim.o(.text)
    TIM_SetClockDivision                     0x08001b1b   Thumb Code    18  stm32f10x_tim.o(.text)
    TIM_GetCapture1                          0x08001b2d   Thumb Code     6  stm32f10x_tim.o(.text)
    TIM_GetCapture2                          0x08001b33   Thumb Code     6  stm32f10x_tim.o(.text)
    TIM_GetCapture3                          0x08001b39   Thumb Code     6  stm32f10x_tim.o(.text)
    TIM_GetCapture4                          0x08001b3f   Thumb Code     8  stm32f10x_tim.o(.text)
    TIM_GetCounter                           0x08001b47   Thumb Code     6  stm32f10x_tim.o(.text)
    TIM_GetPrescaler                         0x08001b4d   Thumb Code     6  stm32f10x_tim.o(.text)
    TIM_GetFlagStatus                        0x08001b53   Thumb Code    18  stm32f10x_tim.o(.text)
    TIM_ClearFlag                            0x08001b65   Thumb Code     6  stm32f10x_tim.o(.text)
    TIM_GetITStatus                          0x08001b6b   Thumb Code    34  stm32f10x_tim.o(.text)
    TIM_ClearITPendingBit                    0x08001b8d   Thumb Code     6  stm32f10x_tim.o(.text)
    USART_DeInit                             0x08001b95   Thumb Code   134  stm32f10x_usart.o(.text)
    USART_Init                               0x08001c1b   Thumb Code   210  stm32f10x_usart.o(.text)
    USART_StructInit                         0x08001ced   Thumb Code    24  stm32f10x_usart.o(.text)
    USART_ClockInit                          0x08001d05   Thumb Code    34  stm32f10x_usart.o(.text)
    USART_ClockStructInit                    0x08001d27   Thumb Code    12  stm32f10x_usart.o(.text)
    USART_Cmd                                0x08001d33   Thumb Code    24  stm32f10x_usart.o(.text)
    USART_ITConfig                           0x08001d4b   Thumb Code    74  stm32f10x_usart.o(.text)
    USART_DMACmd                             0x08001d95   Thumb Code    18  stm32f10x_usart.o(.text)
    USART_SetAddress                         0x08001da7   Thumb Code    18  stm32f10x_usart.o(.text)
    USART_WakeUpConfig                       0x08001db9   Thumb Code    18  stm32f10x_usart.o(.text)
    USART_ReceiverWakeUpCmd                  0x08001dcb   Thumb Code    24  stm32f10x_usart.o(.text)
    USART_LINBreakDetectLengthConfig         0x08001de3   Thumb Code    18  stm32f10x_usart.o(.text)
    USART_LINCmd                             0x08001df5   Thumb Code    24  stm32f10x_usart.o(.text)
    USART_SendData                           0x08001e0d   Thumb Code     8  stm32f10x_usart.o(.text)
    USART_ReceiveData                        0x08001e15   Thumb Code    10  stm32f10x_usart.o(.text)
    USART_SendBreak                          0x08001e1f   Thumb Code    10  stm32f10x_usart.o(.text)
    USART_SetGuardTime                       0x08001e29   Thumb Code    16  stm32f10x_usart.o(.text)
    USART_SetPrescaler                       0x08001e39   Thumb Code    16  stm32f10x_usart.o(.text)
    USART_SmartCardCmd                       0x08001e49   Thumb Code    24  stm32f10x_usart.o(.text)
    USART_SmartCardNACKCmd                   0x08001e61   Thumb Code    24  stm32f10x_usart.o(.text)
    USART_HalfDuplexCmd                      0x08001e79   Thumb Code    24  stm32f10x_usart.o(.text)
    USART_OverSampling8Cmd                   0x08001e91   Thumb Code    22  stm32f10x_usart.o(.text)
    USART_OneBitMethodCmd                    0x08001ea7   Thumb Code    24  stm32f10x_usart.o(.text)
    USART_IrDAConfig                         0x08001ebf   Thumb Code    18  stm32f10x_usart.o(.text)
    USART_IrDACmd                            0x08001ed1   Thumb Code    24  stm32f10x_usart.o(.text)
    USART_GetFlagStatus                      0x08001ee9   Thumb Code    26  stm32f10x_usart.o(.text)
    USART_ClearFlag                          0x08001f03   Thumb Code    18  stm32f10x_usart.o(.text)
    USART_GetITStatus                        0x08001f15   Thumb Code    84  stm32f10x_usart.o(.text)
    USART_ClearITPendingBit                  0x08001f69   Thumb Code    52  stm32f10x_usart.o(.text)
    main                                     0x08001f9d   Thumb Code   236  main.o(.text)
    NMI_Handler                              0x080020b1   Thumb Code     2  stm32f10x_it.o(.text)
    HardFault_Handler                        0x080020b3   Thumb Code     4  stm32f10x_it.o(.text)
    MemManage_Handler                        0x080020b7   Thumb Code     4  stm32f10x_it.o(.text)
    BusFault_Handler                         0x080020bb   Thumb Code     4  stm32f10x_it.o(.text)
    UsageFault_Handler                       0x080020bf   Thumb Code     4  stm32f10x_it.o(.text)
    SVC_Handler                              0x080020c3   Thumb Code     2  stm32f10x_it.o(.text)
    DebugMon_Handler                         0x080020c5   Thumb Code     2  stm32f10x_it.o(.text)
    PendSV_Handler                           0x080020c7   Thumb Code     2  stm32f10x_it.o(.text)
    SysTick_Handler                          0x080020c9   Thumb Code     8  stm32f10x_it.o(.text)
    USART1_IRQHandler                        0x080020d1   Thumb Code    66  stm32f10x_it.o(.text)
    TIM1_UP_IRQHandler                       0x08002113   Thumb Code   148  stm32f10x_it.o(.text)
    TIM2_IRQHandler                          0x080021a7   Thumb Code   134  stm32f10x_it.o(.text)
    USART_Config                             0x0800228b   Thumb Code   156  bsp_usart.o(.text)
    Usart_SendByte                           0x08002327   Thumb Code    30  bsp_usart.o(.text)
    Usart_SendArray                          0x08002345   Thumb Code    48  bsp_usart.o(.text)
    Usart_SendString                         0x08002375   Thumb Code    42  bsp_usart.o(.text)
    Usart_SendHalfWord                       0x0800239f   Thumb Code    60  bsp_usart.o(.text)
    fputc                                    0x080023db   Thumb Code    32  bsp_usart.o(.text)
    fgetc                                    0x080023fb   Thumb Code    26  bsp_usart.o(.text)
    SysTick_Init                             0x08002469   Thumb Code    26  bsp_systick.o(.text)
    Delay_us                                 0x08002483   Thumb Code    36  bsp_systick.o(.text)
    TimingDelay_Decrement                    0x080024a7   Thumb Code    18  bsp_systick.o(.text)
    SysTick_Delay_Us                         0x080024b9   Thumb Code    64  bsp_systick.o(.text)
    SysTick_Delay_Ms                         0x080024f9   Thumb Code    66  bsp_systick.o(.text)
    DMA_RX_init                              0x08002555   Thumb Code    80  dma.o(.text)
    DMA_TX_init                              0x080025a5   Thumb Code    86  dma.o(.text)
    DMA_SEND_DATA                            0x080025fb   Thumb Code    52  dma.o(.text)
    LEDINIT                                  0x0800263d   Thumb Code    46  led.o(.text)
    GOTO                                     0x0800266b   Thumb Code   164  led.o(.text)
    DEC_DEG_INTO_ARCSEC                      0x08002721   Thumb Code   100  command.o(.text)
    RA_DEG_INTO_ARCSEC                       0x08002785   Thumb Code    84  command.o(.text)
    DEC_ARCSEC_INTO_DEG                      0x080027d9   Thumb Code   152  command.o(.text)
    RA_ARCSEC_INTO_DEG                       0x08002871   Thumb Code   136  command.o(.text)
    LX200                                    0x080028f9   Thumb Code   630  command.o(.text)
    RA_STEP_CALCULATE                        0x08002b6f   Thumb Code   140  command.o(.text)
    DEC_STEP_CALCULATE                       0x08002bfb   Thumb Code    44  command.o(.text)
    CURRENT_POS_RA                           0x08002c27   Thumb Code   280  command.o(.text)
    CURRENT_POS_DEC                          0x08002d3f   Thumb Code    68  command.o(.text)
    GOTO_CHECK                               0x08002d83   Thumb Code    54  command.o(.text)
    REMOTE_KEY_CONTROL                       0x08002db9   Thumb Code    92  command.o(.text)
    SHUTTER_CONTROL                          0x08002e15   Thumb Code   132  command.o(.text)
    BASIC_TIM_Init                           0x08003059   Thumb Code    20  bsp_timbase.o(.text)
    ControlMotor                             0x0800306d   Thumb Code    62  bsp_timbase.o(.text)
    SetSpeedMoter                            0x080030ab   Thumb Code    22  bsp_timbase.o(.text)
    SetSpeed                                 0x080030c1   Thumb Code    22  bsp_timbase.o(.text)
    Cover_TIM_Init                           0x0800326f   Thumb Code    20  bsp_timecover.o(.text)
    ControlCover                             0x08003283   Thumb Code    66  bsp_timecover.o(.text)
    SetSpeedCoverPulse                       0x080032c5   Thumb Code    16  bsp_timecover.o(.text)
    SetSpeedCoverMoter                       0x080032d5   Thumb Code    26  bsp_timecover.o(.text)
    SetSpeedCover                            0x080032ef   Thumb Code    22  bsp_timecover.o(.text)
    __aeabi_memset                           0x08003311   Thumb Code    14  memseta.o(.text)
    __aeabi_memset4                          0x08003311   Thumb Code     0  memseta.o(.text)
    __aeabi_memset8                          0x08003311   Thumb Code     0  memseta.o(.text)
    __aeabi_memclr                           0x0800331f   Thumb Code     4  memseta.o(.text)
    __aeabi_memclr4                          0x0800331f   Thumb Code     0  memseta.o(.text)
    __aeabi_memclr8                          0x0800331f   Thumb Code     0  memseta.o(.text)
    _memset$wrapper                          0x08003323   Thumb Code    18  memseta.o(.text)
    __aeabi_dadd                             0x08003335   Thumb Code   322  dadd.o(.text)
    __aeabi_dsub                             0x08003477   Thumb Code     6  dadd.o(.text)
    __aeabi_drsub                            0x0800347d   Thumb Code     6  dadd.o(.text)
    __aeabi_dmul                             0x08003483   Thumb Code   228  dmul.o(.text)
    __aeabi_ddiv                             0x08003567   Thumb Code   222  ddiv.o(.text)
    __aeabi_i2d                              0x08003645   Thumb Code    34  dflti.o(.text)
    __aeabi_d2iz                             0x08003667   Thumb Code    62  dfixi.o(.text)
    __aeabi_d2uiz                            0x080036a5   Thumb Code    50  dfixui.o(.text)
    __aeabi_cdcmpeq                          0x080036d9   Thumb Code     0  cdcmple.o(.text)
    __aeabi_cdcmple                          0x080036d9   Thumb Code    38  cdcmple.o(.text)
    __aeabi_cdrcmple                         0x08003701   Thumb Code    38  cdrcmple.o(.text)
    __aeabi_llsl                             0x08003729   Thumb Code    30  llshl.o(.text)
    _ll_shift_l                              0x08003729   Thumb Code     0  llshl.o(.text)
    __aeabi_llsr                             0x08003747   Thumb Code    32  llushr.o(.text)
    _ll_ushift_r                             0x08003747   Thumb Code     0  llushr.o(.text)
    __aeabi_lasr                             0x08003767   Thumb Code    36  llsshr.o(.text)
    _ll_sshift_r                             0x08003767   Thumb Code     0  llsshr.o(.text)
    __strtod_int                             0x080037c3   Thumb Code    88  strtod.o(.text)
    __I$use$fp                               0x08003829   Thumb Code     0  iusefp.o(.text)
    _double_round                            0x08003829   Thumb Code    26  depilogue.o(.text)
    _double_epilogue                         0x08003843   Thumb Code   156  depilogue.o(.text)
    __scatterload                            0x080038e1   Thumb Code    28  init.o(.text)
    __scatterload_rt2                        0x080038e1   Thumb Code     0  init.o(.text)
    isspace                                  0x08003905   Thumb Code    10  isspace_c.o(.text)
    _scanf_real                              0x08003a11   Thumb Code     0  scanf_fp.o(.text)
    _scanf_really_real                       0x08003a11   Thumb Code   556  scanf_fp.o(.text)
    _sgetc                                   0x08003c49   Thumb Code    30  _sgetc.o(.text)
    _sbackspace                              0x08003c67   Thumb Code    34  _sgetc.o(.text)
    __ctype_lookup                           0x08003c89   Thumb Code    34  ctype_c.o(.text)
    __aeabi_ul2d                             0x08003cb1   Thumb Code    24  dfltul.o(.text)
    __aeabi_d2f                              0x08003cc9   Thumb Code    56  d2f.o(.text)
    _float_round                             0x08003d01   Thumb Code    18  fepilogue.o(.text)
    _float_epilogue                          0x08003d13   Thumb Code    92  fepilogue.o(.text)
    __read_errno                             0x08003d71   Thumb Code     6  errno.o(i.__read_errno)
    __scatterload_copy                       0x08003d7d   Thumb Code    14  handlers.o(i.__scatterload_copy)
    __scatterload_null                       0x08003d8b   Thumb Code     2  handlers.o(i.__scatterload_null)
    __scatterload_zeroinit                   0x08003d8d   Thumb Code    14  handlers.o(i.__scatterload_zeroinit)
    __set_errno                              0x08003d9d   Thumb Code     6  errno.o(i.__set_errno)
    _is_digit                                0x08003da9   Thumb Code    14  scanf_fp.o(i._is_digit)
    atof                                     0x08003db7   Thumb Code    42  atof.o(i.atof)
    __ctype_categories                       0x08003de0   Data          64  ctype_c.o(.constdata)
    Region$$Table$$Base                      0x08003e20   Number         0  anon$$obj.o(Region$$Table)
    Region$$Table$$Limit                     0x08003e40   Number         0  anon$$obj.o(Region$$Table)
    SystemCoreClock                          0x20000000   Data           4  system_stm32f10x.o(.data)
    AHBPrescTable                            0x20000004   Data          16  system_stm32f10x.o(.data)
    ra_step                                  0x20000028   Data           4  main.o(.data)
    dec_step                                 0x2000002c   Data           4  main.o(.data)
    current_pos                              0x20000030   Data           8  main.o(.data)
    target_pos                               0x20000038   Data           8  main.o(.data)
    target_ra                                0x20000040   Data           4  main.o(.data)
    target_dec                               0x20000044   Data           4  main.o(.data)
    uCountStep                               0x20000048   Data           1  stm32f10x_it.o(.data)
    ledflag                                  0x20000049   Data           1  stm32f10x_it.o(.data)
    uCountStep1                              0x2000004a   Data           1  stm32f10x_it.o(.data)
    data_receive_buffer                      0x20000058   Data          50  main.o(.bss)
    DMA_InitStructure                        0x2000008c   Data          44  dma.o(.bss)
    __initial_sp                             0x200004c8   Data           0  startup_stm32f10x_hd.o(STACK)



==============================================================================

Memory Map of the image

  Image Entry point : 0x08000131

  Load Region LR_IROM1 (Base: 0x08000000, Size: 0x00003e98, Max: 0x00010000, ABSOLUTE)

    Execution Region ER_IROM1 (Base: 0x08000000, Size: 0x00003e40, Max: 0x00010000, ABSOLUTE)

    Base Addr    Size         Type   Attr      Idx    E Section Name        Object

    0x08000000   0x00000130   Data   RO            3    RESET               startup_stm32f10x_hd.o
    0x08000130   0x00000000   Code   RO          572  * .ARM.Collect$$$$00000000  mc_w.l(entry.o)
    0x08000130   0x00000004   Code   RO          593    .ARM.Collect$$$$00000001  mc_w.l(entry2.o)
    0x08000134   0x00000004   Code   RO          596    .ARM.Collect$$$$00000004  mc_w.l(entry5.o)
    0x08000138   0x00000000   Code   RO          598    .ARM.Collect$$$$00000008  mc_w.l(entry7b.o)
    0x08000138   0x00000000   Code   RO          600    .ARM.Collect$$$$0000000A  mc_w.l(entry8b.o)
    0x08000138   0x00000008   Code   RO          601    .ARM.Collect$$$$0000000B  mc_w.l(entry9a.o)
    0x08000140   0x00000000   Code   RO          603    .ARM.Collect$$$$0000000D  mc_w.l(entry10a.o)
    0x08000140   0x00000000   Code   RO          605    .ARM.Collect$$$$0000000F  mc_w.l(entry11a.o)
    0x08000140   0x00000004   Code   RO          594    .ARM.Collect$$$$00002712  mc_w.l(entry2.o)
    0x08000144   0x00000024   Code   RO            4    .text               startup_stm32f10x_hd.o
    0x08000168   0x000001e0   Code   RO           24    .text               system_stm32f10x.o
    0x08000348   0x000000dc   Code   RO          121    .text               misc.o
    0x08000424   0x00000254   Code   RO          221    .text               stm32f10x_dma.o
    0x08000678   0x0000035c   Code   RO          269    .text               stm32f10x_gpio.o
    0x080009d4   0x000003a4   Code   RO          317    .text               stm32f10x_rcc.o
    0x08000d78   0x00000e1a   Code   RO          367    .text               stm32f10x_tim.o
    0x08001b92   0x00000002   PAD
    0x08001b94   0x00000408   Code   RO          379    .text               stm32f10x_usart.o
    0x08001f9c   0x00000114   Code   RO          403    .text               main.o
    0x080020b0   0x000001b4   Code   RO          447    .text               stm32f10x_it.o
    0x08002264   0x000001b8   Code   RO          466    .text               bsp_usart.o
    0x0800241c   0x00000138   Code   RO          478    .text               bsp_systick.o
    0x08002554   0x000000e8   Code   RO          496    .text               dma.o
    0x0800263c   0x000000e4   Code   RO          511    .text               led.o
    0x08002720   0x00000788   Code   RO          524    .text               command.o
    0x08002ea8   0x00000238   Code   RO          544    .text               bsp_timbase.o
    0x080030e0   0x00000230   Code   RO          556    .text               bsp_timecover.o
    0x08003310   0x00000024   Code   RO          575    .text               mc_w.l(memseta.o)
    0x08003334   0x0000014e   Code   RO          577    .text               mf_w.l(dadd.o)
    0x08003482   0x000000e4   Code   RO          579    .text               mf_w.l(dmul.o)
    0x08003566   0x000000de   Code   RO          581    .text               mf_w.l(ddiv.o)
    0x08003644   0x00000022   Code   RO          583    .text               mf_w.l(dflti.o)
    0x08003666   0x0000003e   Code   RO          585    .text               mf_w.l(dfixi.o)
    0x080036a4   0x00000032   Code   RO          587    .text               mf_w.l(dfixui.o)
    0x080036d6   0x00000002   PAD
    0x080036d8   0x00000028   Code   RO          589    .text               mf_w.l(cdcmple.o)
    0x08003700   0x00000028   Code   RO          591    .text               mf_w.l(cdrcmple.o)
    0x08003728   0x0000001e   Code   RO          607    .text               mc_w.l(llshl.o)
    0x08003746   0x00000020   Code   RO          609    .text               mc_w.l(llushr.o)
    0x08003766   0x00000024   Code   RO          611    .text               mc_w.l(llsshr.o)
    0x0800378a   0x00000002   PAD
    0x0800378c   0x0000009c   Code   RO          620    .text               mc_w.l(strtod.o)
    0x08003828   0x00000000   Code   RO          622    .text               mc_w.l(iusefp.o)
    0x08003828   0x000000b6   Code   RO          623    .text               mf_w.l(depilogue.o)
    0x080038de   0x00000002   PAD
    0x080038e0   0x00000024   Code   RO          625    .text               mc_w.l(init.o)
    0x08003904   0x0000000a   Code   RO          627    .text               mc_w.l(isspace_c.o)
    0x0800390e   0x00000002   PAD
    0x08003910   0x00000338   Code   RO          629    .text               mc_w.l(scanf_fp.o)
    0x08003c48   0x00000040   Code   RO          633    .text               mc_w.l(_sgetc.o)
    0x08003c88   0x00000028   Code   RO          635    .text               mc_w.l(ctype_c.o)
    0x08003cb0   0x00000018   Code   RO          638    .text               mf_w.l(dfltul.o)
    0x08003cc8   0x00000038   Code   RO          640    .text               mf_w.l(d2f.o)
    0x08003d00   0x0000006e   Code   RO          642    .text               mf_w.l(fepilogue.o)
    0x08003d6e   0x00000002   PAD
    0x08003d70   0x0000000c   Code   RO          614    i.__read_errno      mc_w.l(errno.o)
    0x08003d7c   0x0000000e   Code   RO          646    i.__scatterload_copy  mc_w.l(handlers.o)
    0x08003d8a   0x00000002   Code   RO          647    i.__scatterload_null  mc_w.l(handlers.o)
    0x08003d8c   0x0000000e   Code   RO          648    i.__scatterload_zeroinit  mc_w.l(handlers.o)
    0x08003d9a   0x00000002   PAD
    0x08003d9c   0x0000000c   Code   RO          615    i.__set_errno       mc_w.l(errno.o)
    0x08003da8   0x0000000e   Code   RO          631    i._is_digit         mc_w.l(scanf_fp.o)
    0x08003db6   0x0000002a   Code   RO          569    i.atof              m_ws.l(atof.o)
    0x08003de0   0x00000040   Data   RO          636    .constdata          mc_w.l(ctype_c.o)
    0x08003e20   0x00000020   Data   RO          644    Region$$Table       anon$$obj.o


    Execution Region RW_IRAM1 (Base: 0x20000000, Size: 0x000004c8, Max: 0x00005000, ABSOLUTE)

    Base Addr    Size         Type   Attr      Idx    E Section Name        Object

    0x20000000   0x00000014   Data   RW           25    .data               system_stm32f10x.o
    0x20000014   0x00000014   Data   RW          318    .data               stm32f10x_rcc.o
    0x20000028   0x00000020   Data   RW          405    .data               main.o
    0x20000048   0x00000003   Data   RW          448    .data               stm32f10x_it.o
    0x2000004b   0x00000001   PAD
    0x2000004c   0x00000004   Data   RW          479    .data               bsp_systick.o
    0x20000050   0x00000001   Data   RW          526    .data               command.o
    0x20000051   0x00000003   PAD
    0x20000054   0x00000004   Data   RW          616    .data               mc_w.l(errno.o)
    0x20000058   0x00000032   Zero   RW          404    .bss                main.o
    0x2000008a   0x00000002   PAD
    0x2000008c   0x0000002c   Zero   RW          497    .bss                dma.o
    0x200000b8   0x0000000a   Zero   RW          525    .bss                command.o
    0x200000c2   0x00000006   PAD
    0x200000c8   0x00000400   Zero   RW            1    STACK               startup_stm32f10x_hd.o


==============================================================================

Image component sizes


      Code (inc. data)   RO Data    RW Data    ZI Data      Debug   Object Name

       312         26          0          4          0      17175   bsp_systick.o
       568         10          0          0          0       1833   bsp_timbase.o
       560         12          0          0          0       1990   bsp_timecover.o
       440          8          0          0          0       2494   bsp_usart.o
      1928         28          0          1         10       5040   command.o
         0          0          0          0          0       4272   core_cm3.o
       232         14          0          0         44       1256   dma.o
       228         18          0          0          0        875   led.o
       276         40          0         32         50       2938   main.o
       220         22          0          0          0       1801   misc.o
        36          8        304          0       1024        848   startup_stm32f10x_hd.o
       596          8          0          0          0       4330   stm32f10x_dma.o
       860         38          0          0          0       5641   stm32f10x_gpio.o
       436         56          0          3          0       2156   stm32f10x_it.o
       932         36          0         20          0       8808   stm32f10x_rcc.o
      3610         88          0          0          0      22132   stm32f10x_tim.o
      1032         22          0          0          0       8372   stm32f10x_usart.o
       480         38          0         20          0     258651   system_stm32f10x.o

    ----------------------------------------------------------------------
     12748        472        336         84       1136     350612   Object Totals
         0          0         32          0          0          0   (incl. Generated)
         2          0          0          4          8          0   (incl. Padding)

    ----------------------------------------------------------------------

      Code (inc. data)   RO Data    RW Data    ZI Data      Debug   Library Member Name

        42          0          0          0          0         84   atof.o
        64          0          0          0          0         84   _sgetc.o
        40          6         64          0          0         68   ctype_c.o
         0          0          0          0          0          0   entry.o
         0          0          0          0          0          0   entry10a.o
         0          0          0          0          0          0   entry11a.o
         8          4          0          0          0          0   entry2.o
         4          0          0          0          0          0   entry5.o
         0          0          0          0          0          0   entry7b.o
         0          0          0          0          0          0   entry8b.o
         8          4          0          0          0          0   entry9a.o
        24         12          0          4          0        136   errno.o
        30          0          0          0          0          0   handlers.o
        36          8          0          0          0         68   init.o
        10          0          0          0          0         68   isspace_c.o
         0          0          0          0          0          0   iusefp.o
        30          0          0          0          0         68   llshl.o
        36          0          0          0          0         68   llsshr.o
        32          0          0          0          0         68   llushr.o
        36          0          0          0          0        108   memseta.o
       838         12          0          0          0        216   scanf_fp.o
       156         14          0          0          0        120   strtod.o
        40          2          0          0          0         68   cdcmple.o
        40          2          0          0          0         68   cdrcmple.o
        56          0          0          0          0         88   d2f.o
       334          0          0          0          0        148   dadd.o
       222          0          0          0          0        100   ddiv.o
       182          0          0          0          0        176   depilogue.o
        62          0          0          0          0         80   dfixi.o
        50          0          0          0          0         76   dfixui.o
        34          0          0          0          0         76   dflti.o
        24          0          0          0          0         76   dfltul.o
       228          0          0          0          0         96   dmul.o
       110          0          0          0          0        168   fepilogue.o

    ----------------------------------------------------------------------
      2788         64         64          4          0       2376   Library Totals
        12          0          0          0          0          0   (incl. Padding)

    ----------------------------------------------------------------------

      Code (inc. data)   RO Data    RW Data    ZI Data      Debug   Library Name

        42          0          0          0          0         84   m_ws.l
      1352         60         64          4          0       1072   mc_w.l
      1382          4          0          0          0       1220   mf_w.l

    ----------------------------------------------------------------------
      2788         64         64          4          0       2376   Library Totals

    ----------------------------------------------------------------------

==============================================================================


      Code (inc. data)   RO Data    RW Data    ZI Data      Debug   

     15536        536        400         88       1136     350592   Grand Totals
     15536        536        400         88       1136     350592   ELF Image Totals
     15536        536        400         88          0          0   ROM Totals

==============================================================================

    Total RO  Size (Code + RO Data)                15936 (  15.56kB)
    Total RW  Size (RW Data + ZI Data)              1224 (   1.20kB)
    Total ROM Size (Code + RO Data + RW Data)      16024 (  15.65kB)

==============================================================================

